
> dino-handmade@1.0.0 build
> vite build

[36mvite v6.4.1 [32mbuilding for production...[36m[39m
transforming...
[32mΓ£ô[39m 29 modules transformed.
node.exe : 
[31mΓ£ù[39m Build 
failed in 281ms
At line:1 char:1
+ & "C:\Program 
Files\nodejs/node.exe" 
"C:\Program 
Files\nodejs/node_mo 
...
+ ~~~~~~~~~~~~~~~~~~~~~
~~~~~~~~~~~~~~~~~~~~~~~
~~~~~~~~~~~~~~~~~~~~~~~
~~
    + CategoryInfo     
         : NotSpecifi  
  ed: ([31mΓ£ù[39m   
  Build failed in 2    
81ms:String) [], R    
emoteException
    + FullyQualifiedEr 
   rorId : NativeComm  
  andError
 
[31merror during 
build:
[31m[vite]: Rollup 
failed to resolve 
import "axios" from "C:
/Users/ADMIN/Downloads/
Web_Len/src/pages/Galle
ry/Gallery.jsx".
This is most likely 
unintended because it 
can break your 
application at runtime.
If you do want to 
externalize this 
module explicitly add 
it to
`build.rollupOptions.ex
ternal`[31m
    at viteLog (file://
/C:/Users/ADMIN/Downloa
ds/Web_Len/node_modules
/vite/dist/node/chunks/
dep-D4NMHUTW.js:46374:1
5)
    at file:///C:/Users
/ADMIN/Downloads/Web_Le
n/node_modules/vite/dis
t/node/chunks/dep-D4NMH
UTW.js:46432:18
    at onwarn (file:///
C:/Users/ADMIN/Download
s/Web_Len/node_modules/
@vitejs/plugin-react/di
st/index.js:90:7)
    at file:///C:/Users
/ADMIN/Downloads/Web_Le
n/node_modules/vite/dis
t/node/chunks/dep-D4NMH
UTW.js:46430:7
    at onRollupLog (fil
e:///C:/Users/ADMIN/Dow
nloads/Web_Len/node_mod
ules/vite/dist/node/chu
nks/dep-D4NMHUTW.js:464
22:5)
    at onLog (file:///C
:/Users/ADMIN/Downloads
/Web_Len/node_modules/v
ite/dist/node/chunks/de
p-D4NMHUTW.js:46072:7)
    at file:///C:/Users
/ADMIN/Downloads/Web_Le
n/node_modules/rollup/d
ist/es/shared/node-entr
y.js:20981:32
    at Object.logger 
[as onLog] (file:///C:/
Users/ADMIN/Downloads/W
eb_Len/node_modules/rol
lup/dist/es/shared/node
-entry.js:22968:9)
    at ModuleLoader.han
dleInvalidResolvedId (f
ile:///C:/Users/ADMIN/D
ownloads/Web_Len/node_m
odules/rollup/dist/es/s
hared/node-entry.js:217
12:26)
    at file:///C:/Users
/ADMIN/Downloads/Web_Le
n/node_modules/rollup/d
ist/es/shared/node-entr
y.js:21670:26[39m
